Archive member included to satisfy reference by file (symbol)

/home/virtualabs/tmp/nrf5-sdk/toolchain/gcc-arm-none-eabi-6-2017-q1-update/bin/../lib/gcc/arm-none-eabi/6.3.1/../../../../arm-none-eabi/lib/thumb/v6-m/libc_nano.a(lib_a-exit.o)
                              /home/virtualabs/tmp/nrf5-sdk/toolchain/gcc-arm-none-eabi-6-2017-q1-update/bin/../lib/gcc/arm-none-eabi/6.3.1/../../../../arm-none-eabi/lib/thumb/v6-m/crt0.o (exit)
/home/virtualabs/tmp/nrf5-sdk/toolchain/gcc-arm-none-eabi-6-2017-q1-update/bin/../lib/gcc/arm-none-eabi/6.3.1/../../../../arm-none-eabi/lib/thumb/v6-m/libc_nano.a(lib_a-impure.o)
                              /home/virtualabs/tmp/nrf5-sdk/toolchain/gcc-arm-none-eabi-6-2017-q1-update/bin/../lib/gcc/arm-none-eabi/6.3.1/../../../../arm-none-eabi/lib/thumb/v6-m/libc_nano.a(lib_a-exit.o) (_global_impure_ptr)
/home/virtualabs/tmp/nrf5-sdk/toolchain/gcc-arm-none-eabi-6-2017-q1-update/bin/../lib/gcc/arm-none-eabi/6.3.1/../../../../arm-none-eabi/lib/thumb/v6-m/libc_nano.a(lib_a-init.o)
                              /home/virtualabs/tmp/nrf5-sdk/toolchain/gcc-arm-none-eabi-6-2017-q1-update/bin/../lib/gcc/arm-none-eabi/6.3.1/../../../../arm-none-eabi/lib/thumb/v6-m/crt0.o (__libc_init_array)
/home/virtualabs/tmp/nrf5-sdk/toolchain/gcc-arm-none-eabi-6-2017-q1-update/bin/../lib/gcc/arm-none-eabi/6.3.1/../../../../arm-none-eabi/lib/thumb/v6-m/libc_nano.a(lib_a-memset.o)
                              /home/virtualabs/tmp/nrf5-sdk/toolchain/gcc-arm-none-eabi-6-2017-q1-update/bin/../lib/gcc/arm-none-eabi/6.3.1/../../../../arm-none-eabi/lib/thumb/v6-m/crt0.o (memset)
/home/virtualabs/tmp/nrf5-sdk/toolchain/gcc-arm-none-eabi-6-2017-q1-update/bin/../lib/gcc/arm-none-eabi/6.3.1/../../../../arm-none-eabi/lib/thumb/v6-m/libnosys.a(_exit.o)
                              /home/virtualabs/tmp/nrf5-sdk/toolchain/gcc-arm-none-eabi-6-2017-q1-update/bin/../lib/gcc/arm-none-eabi/6.3.1/../../../../arm-none-eabi/lib/thumb/v6-m/libc_nano.a(lib_a-exit.o) (_exit)
/home/virtualabs/tmp/nrf5-sdk/toolchain/gcc-arm-none-eabi-6-2017-q1-update/bin/../lib/gcc/arm-none-eabi/6.3.1/thumb/v6-m/libgcc.a(_udivsi3.o)
                              _build/nrf51822_xxaa_bsp.c.o (__aeabi_uidiv)
/home/virtualabs/tmp/nrf5-sdk/toolchain/gcc-arm-none-eabi-6-2017-q1-update/bin/../lib/gcc/arm-none-eabi/6.3.1/thumb/v6-m/libgcc.a(_dvmd_tls.o)
                              /home/virtualabs/tmp/nrf5-sdk/toolchain/gcc-arm-none-eabi-6-2017-q1-update/bin/../lib/gcc/arm-none-eabi/6.3.1/thumb/v6-m/libgcc.a(_udivsi3.o) (__aeabi_idiv0)
/home/virtualabs/tmp/nrf5-sdk/toolchain/gcc-arm-none-eabi-6-2017-q1-update/bin/../lib/gcc/arm-none-eabi/6.3.1/../../../../arm-none-eabi/lib/thumb/v6-m/libc_nano.a(lib_a-memcpy-stub.o)
                              _build/nrf51822_xxaa_SEGGER_RTT.c.o (memcpy)
/home/virtualabs/tmp/nrf5-sdk/toolchain/gcc-arm-none-eabi-6-2017-q1-update/bin/../lib/gcc/arm-none-eabi/6.3.1/../../../../arm-none-eabi/lib/thumb/v6-m/libc_nano.a(lib_a-strcpy.o)
                              _build/nrf51822_xxaa_SEGGER_RTT.c.o (strcpy)
/home/virtualabs/tmp/nrf5-sdk/toolchain/gcc-arm-none-eabi-6-2017-q1-update/bin/../lib/gcc/arm-none-eabi/6.3.1/../../../../arm-none-eabi/lib/thumb/v6-m/libc_nano.a(lib_a-strlen.o)
                              _build/nrf51822_xxaa_SEGGER_RTT.c.o (strlen)

Allocating common symbols
Common symbol       size              file

nrf_nvic_state      0x8               _build/nrf51822_xxaa_app_util_platform.c.o
_SEGGER_RTT         0x78              _build/nrf51822_xxaa_SEGGER_RTT.c.o

Discarded input sections

 .text          0x0000000000000000        0x0 /home/virtualabs/tmp/nrf5-sdk/toolchain/gcc-arm-none-eabi-6-2017-q1-update/bin/../lib/gcc/arm-none-eabi/6.3.1/thumb/v6-m/crti.o
 .data          0x0000000000000000        0x0 /home/virtualabs/tmp/nrf5-sdk/toolchain/gcc-arm-none-eabi-6-2017-q1-update/bin/../lib/gcc/arm-none-eabi/6.3.1/thumb/v6-m/crti.o
 .bss           0x0000000000000000        0x0 /home/virtualabs/tmp/nrf5-sdk/toolchain/gcc-arm-none-eabi-6-2017-q1-update/bin/../lib/gcc/arm-none-eabi/6.3.1/thumb/v6-m/crti.o
 .data          0x0000000000000000        0x4 /home/virtualabs/tmp/nrf5-sdk/toolchain/gcc-arm-none-eabi-6-2017-q1-update/bin/../lib/gcc/arm-none-eabi/6.3.1/thumb/v6-m/crtbegin.o
 .data          0x0000000000000000        0x0 /home/virtualabs/tmp/nrf5-sdk/toolchain/gcc-arm-none-eabi-6-2017-q1-update/bin/../lib/gcc/arm-none-eabi/6.3.1/../../../../arm-none-eabi/lib/thumb/v6-m/crt0.o
 .bss           0x0000000000000000        0x0 /home/virtualabs/tmp/nrf5-sdk/toolchain/gcc-arm-none-eabi-6-2017-q1-update/bin/../lib/gcc/arm-none-eabi/6.3.1/../../../../arm-none-eabi/lib/thumb/v6-m/crt0.o
 .ARM.extab     0x0000000000000000        0x0 /home/virtualabs/tmp/nrf5-sdk/toolchain/gcc-arm-none-eabi-6-2017-q1-update/bin/../lib/gcc/arm-none-eabi/6.3.1/../../../../arm-none-eabi/lib/thumb/v6-m/crt0.o
[...]
Memory Configuration

Name             Origin             Length             Attributes
FLASH            0x000000000001b000 0x0000000000025000 xr
RAM              0x0000000020001870 0x0000000000002790 xrw
*default*        0x0000000000000000 0xffffffffffffffff

Linker script and memory map


.text           0x000000000001b000     0x2e3c
 *(.isr_vector)
 .isr_vector    0x000000000001b000       0xc0 _build/nrf51822_xxaa_gcc_startup_nrf51.S.o
                0x000000000001b000                __isr_vector
 *(.text*)
 .text          0x000000000001b0c0       0x60 /home/virtualabs/tmp/nrf5-sdk/toolchain/gcc-arm-none-eabi-6-2017-q1-update/bin/../lib/gcc/arm-none-eabi/6.3.1/thumb/v6-m/crtbegin.o
 .text          0x000000000001b120       0x78 /home/virtualabs/tmp/nrf5-sdk/toolchain/gcc-arm-none-eabi-6-2017-q1-update/bin/../lib/gcc/arm-none-eabi/6.3.1/../../../../arm-none-eabi/lib/thumb/v6-m/crt0.o
                0x000000000001b120                _mainCRTStartup
                0x000000000001b120                _start
 .text.exit     0x000000000001b198       0x2c /home/virtualabs/tmp/nrf5-sdk/toolchain/gcc-arm-none-eabi-6-2017-q1-update/bin/../lib/gcc/arm-none-eabi/6.3.1/../../../../arm-none-eabi/lib/thumb/v6-m/libc_nano.a(lib_a-exit.o)
                0x000000000001b198                exit
 .text.__libc_init_array
                0x000000000001b1c4       0x48 /home/virtualabs/tmp/nrf5-sdk/toolchain/gcc-arm-none-eabi-6-2017-q1-update/bin/../lib/gcc/arm-none-eabi/6.3.1/../../../../arm-none-eabi/lib/thumb/v6-m/libc_nano.a(lib_a-init.o)
                0x000000000001b1c4                __libc_init_array
 .text.memset   0x000000000001b20c       0x10 /home/virtualabs/tmp/nrf5-sdk/toolchain/gcc-arm-none-eabi-6-2017-q1-update/bin/../lib/gcc/arm-none-eabi/6.3.1/../../../../arm-none-eabi/lib/thumb/v6-m/libc_nano.a(lib_a-memset.o)
                0x000000000001b20c                memset
 .text._exit    0x000000000001b21c        0x4 /home/virtualabs/tmp/nrf5-sdk/toolchain/gcc-arm-none-eabi-6-2017-q1-update/bin/../lib/gcc/arm-none-eabi/6.3.1/../../../../arm-none-eabi/lib/thumb/v6-m/libnosys.a(_exit.o)
                0x000000000001b21c                _exit
 .text.detection_delay_timeout_handler
                0x000000000001b220       0xa8 _build/nrf51822_xxaa_app_button.c.o
 .text.gpiote_event_handler
                0x000000000001b2c8       0x5c _build/nrf51822_xxaa_app_button.c.o
 .text.app_button_init
                0x000000000001b324       0xb0 _build/nrf51822_xxaa_app_button.c.o
                0x000000000001b324                app_button_init
 .text.app_button_enable
                0x000000000001b3d4       0x30 _build/nrf51822_xxaa_app_button.c.o
                0x000000000001b3d4                app_button_enable
 .text.app_error_handler_bare
                0x000000000001b404       0x20 _build/nrf51822_xxaa_app_error.c.o
                0x000000000001b404                app_error_handler_bare
 .text.app_error_fault_handler
                0x000000000001b424       0x1c _build/nrf51822_xxaa_app_error_weak.c.o
                0x000000000001b424                app_error_fault_handler
 .text.RTC1_IRQHandler
                0x000000000001b440       0xdc _build/nrf51822_xxaa_app_timer.c.o
                0x000000000001b440                RTC1_IRQHandler
 .text.SWI0_IRQHandler
                0x000000000001b51c      0x4d8 _build/nrf51822_xxaa_app_timer.c.o
                0x000000000001b51c                SWI0_IRQHandler
 .text.app_timer_init
                0x000000000001b9f4      0x12c _build/nrf51822_xxaa_app_timer.c.o
                0x000000000001b9f4                app_timer_init
 .text.app_timer_create
                0x000000000001bb20       0x34 _build/nrf51822_xxaa_app_timer.c.o
                0x000000000001bb20                app_timer_create
 .text.app_timer_start
                0x000000000001bb54       0xc0 _build/nrf51822_xxaa_app_timer.c.o
                0x000000000001bb54                app_timer_start
 .text.app_timer_stop
                0x000000000001bc14       0x84 _build/nrf51822_xxaa_app_timer.c.o
                0x000000000001bc14                app_timer_stop
 .text.app_util_critical_region_enter
                0x000000000001bc98       0x40 _build/nrf51822_xxaa_app_util_platform.c.o
                0x000000000001bc98                app_util_critical_region_enter
 .text.app_util_critical_region_exit
                0x000000000001bcd8       0x2c _build/nrf51822_xxaa_app_util_platform.c.o
                0x000000000001bcd8                app_util_critical_region_exit
 .text.bsp_board_led_state_get
                0x000000000001bd04       0x1c _build/nrf51822_xxaa_boards.c.o
                0x000000000001bd04                bsp_board_led_state_get
 .text.bsp_board_led_on
                0x000000000001bd20       0x1c _build/nrf51822_xxaa_boards.c.o
                0x000000000001bd20                bsp_board_led_on
 .text.bsp_board_led_off
                0x000000000001bd3c       0x18 _build/nrf51822_xxaa_boards.c.o
                0x000000000001bd3c                bsp_board_led_off
 .text.bsp_board_leds_off
                0x000000000001bd54       0x1c _build/nrf51822_xxaa_boards.c.o
                0x000000000001bd54                bsp_board_leds_off
 .text.bsp_board_leds_on
                0x000000000001bd70       0x20 _build/nrf51822_xxaa_boards.c.o
                0x000000000001bd70                bsp_board_leds_on
 .text.bsp_board_led_invert
                0x000000000001bd90       0x30 _build/nrf51822_xxaa_boards.c.o
                0x000000000001bd90                bsp_board_led_invert
 .text.bsp_board_leds_init
                0x000000000001bdc0       0x30 _build/nrf51822_xxaa_boards.c.o
                0x000000000001bdc0                bsp_board_leds_init
 .text.bsp_board_pin_to_button_idx
                0x000000000001bdf0       0x18 _build/nrf51822_xxaa_boards.c.o
                0x000000000001bdf0                bsp_board_pin_to_button_idx
 .text.POWER_CLOCK_IRQHandler
                0x000000000001be08       0x78 _build/nrf51822_xxaa_nrf_drv_clock.c.o
                0x000000000001be08                POWER_CLOCK_IRQHandler
 .text.nrf_drv_clock_on_soc_event
                0x000000000001be80       0x24 _build/nrf51822_xxaa_nrf_drv_clock.c.o
                0x000000000001be80                nrf_drv_clock_on_soc_event
 .text.nrf_drv_clock_on_sd_enable
                0x000000000001bea4       0x6c _build/nrf51822_xxaa_nrf_drv_clock.c.o
                0x000000000001bea4                nrf_drv_clock_on_sd_enable
 .text.nrf_drv_common_irq_enable
                0x000000000001bf10       0x7c _build/nrf51822_xxaa_nrf_drv_common.c.o
                0x000000000001bf10                nrf_drv_common_irq_enable
 .text.nrf_drv_gpiote_init
                0x000000000001bf8c       0x74 _build/nrf51822_xxaa_nrf_drv_gpiote.c.o
                0x000000000001bf8c                nrf_drv_gpiote_init
 .text.nrf_drv_gpiote_is_init
                0x000000000001c000       0x14 _build/nrf51822_xxaa_nrf_drv_gpiote.c.o
                0x000000000001c000                nrf_drv_gpiote_is_init
 .text.nrf_drv_gpiote_in_init
                0x000000000001c014      0x154 _build/nrf51822_xxaa_nrf_drv_gpiote.c.o
                0x000000000001c014                nrf_drv_gpiote_in_init
 .text.nrf_drv_gpiote_in_event_enable
                0x000000000001c168       0xa8 _build/nrf51822_xxaa_nrf_drv_gpiote.c.o
                0x000000000001c168                nrf_drv_gpiote_in_event_enable
 .text.nrf_drv_gpiote_in_is_set
                0x000000000001c210       0x14 _build/nrf51822_xxaa_nrf_drv_gpiote.c.o
                0x000000000001c210                nrf_drv_gpiote_in_is_set
 .text.GPIOTE_IRQHandler
                0x000000000001c224      0x46c _build/nrf51822_xxaa_nrf_drv_gpiote.c.o
                0x000000000001c224                GPIOTE_IRQHandler
 .text.UART0_IRQHandler
                0x000000000001c690      0x198 _build/nrf51822_xxaa_nrf_drv_uart.c.o
                0x000000000001c690                UART0_IRQHandler
 .text.alert_timer_handler
                0x000000000001c828        0xc _build/nrf51822_xxaa_bsp.c.o
 .text.bsp_button_event_handler
                0x000000000001c834       0xb8 _build/nrf51822_xxaa_bsp.c.o
 .text.leds_timer_handler
                0x000000000001c8ec      0x1e8 _build/nrf51822_xxaa_bsp.c.o
 .text.button_timer_handler
                0x000000000001cad4       0x30 _build/nrf51822_xxaa_bsp.c.o
 .text.bsp_indication_set
                0x000000000001cb04      0x21c _build/nrf51822_xxaa_bsp.c.o
                0x000000000001cb04                bsp_indication_set
 .text.bsp_init
                0x000000000001cd20       0xa8 _build/nrf51822_xxaa_bsp.c.o
                0x000000000001cd20                bsp_init
 .text.sd_ble_gap_address_set
                0x000000000001cdc8        0x4 _build/nrf51822_xxaa_main.c.o
 .text.sd_ble_gap_adv_start
                0x000000000001cdcc        0x4 _build/nrf51822_xxaa_main.c.o
 .text.sd_app_evt_wait
                0x000000000001cdd0        0x4 _build/nrf51822_xxaa_main.c.o
 .text.startup.main
                0x000000000001cdd4      0x114 _build/nrf51822_xxaa_main.c.o
                0x000000000001cdd4                main
 .text.sd_ble_gap_address_get
                0x000000000001cee8        0x4 _build/nrf51822_xxaa_ble_advdata.c.o
 .text.sd_ble_gap_adv_data_set
                0x000000000001ceec        0x4 _build/nrf51822_xxaa_ble_advdata.c.o
 .text.sd_ble_gap_appearance_get
                0x000000000001cef0        0x4 _build/nrf51822_xxaa_ble_advdata.c.o
 .text.sd_ble_gap_device_name_get
                0x000000000001cef4        0x4 _build/nrf51822_xxaa_ble_advdata.c.o
 .text.sd_ble_uuid_encode
                0x000000000001cef8        0x4 _build/nrf51822_xxaa_ble_advdata.c.o
 .text.uuid_list_sized_encode
                0x000000000001cefc      0x110 _build/nrf51822_xxaa_ble_advdata.c.o
 .text.adv_data_encode
                0x000000000001d00c      0x42c _build/nrf51822_xxaa_ble_advdata.c.o
                0x000000000001d00c                adv_data_encode
 .text.ble_advdata_set
                0x000000000001d438      0x480 _build/nrf51822_xxaa_ble_advdata.c.o
                0x000000000001d438                ble_advdata_set
 .text          0x000000000001d8b8       0x4c _build/nrf51822_xxaa_gcc_startup_nrf51.S.o
                0x000000000001d8b8                Reset_Handler
                0x000000000001d8f8                NMI_Handler
                0x000000000001d8fa                HardFault_Handler
                0x000000000001d8fc                SVC_Handler
                0x000000000001d8fe                PendSV_Handler
                0x000000000001d900                SysTick_Handler
                0x000000000001d902                TIMER2_IRQHandler
                0x000000000001d902                SPI0_TWI0_IRQHandler
                0x000000000001d902                RTC0_IRQHandler
                0x000000000001d902                RADIO_IRQHandler
                0x000000000001d902                LPCOMP_IRQHandler
                0x000000000001d902                SWI4_IRQHandler
                0x000000000001d902                TEMP_IRQHandler
                0x000000000001d902                QDEC_IRQHandler
                0x000000000001d902                SWI5_IRQHandler
                0x000000000001d902                TIMER0_IRQHandler
                0x000000000001d902                TIMER1_IRQHandler
                0x000000000001d902                ECB_IRQHandler
                0x000000000001d902                Default_Handler
                0x000000000001d902                ADC_IRQHandler
                0x000000000001d902                SWI3_IRQHandler
                0x000000000001d902                CCM_AAR_IRQHandler
                0x000000000001d902                WDT_IRQHandler
                0x000000000001d902                RNG_IRQHandler
                0x000000000001d902                SPI1_TWI1_IRQHandler
                0x000000000001d902                SWI1_IRQHandler
 .text.SystemInit
                0x000000000001d904       0xe4 _build/nrf51822_xxaa_system_nrf51.c.o
                0x000000000001d904                SystemInit
 .text.sd_evt_get
                0x000000000001d9e8        0x4 _build/nrf51822_xxaa_softdevice_handler.c.o
 .text.sd_softdevice_enable
                0x000000000001d9ec        0x4 _build/nrf51822_xxaa_softdevice_handler.c.o
 .text.sd_ble_enable
                0x000000000001d9f0        0x4 _build/nrf51822_xxaa_softdevice_handler.c.o
 .text.sd_ble_evt_get
                0x000000000001d9f4        0x4 _build/nrf51822_xxaa_softdevice_handler.c.o
 .text.softdevice_fault_handler
                0x000000000001d9f8        0x8 _build/nrf51822_xxaa_softdevice_handler.c.o
                0x000000000001d9f8                softdevice_fault_handler
 .text.intern_softdevice_events_execute.part.1
                0x000000000001da00       0xdc _build/nrf51822_xxaa_softdevice_handler.c.o
 .text.softdevice_handler_is_enabled
                0x000000000001dadc        0xc _build/nrf51822_xxaa_softdevice_handler.c.o
                0x000000000001dadc                softdevice_handler_is_enabled
 .text.softdevice_handler_init
                0x000000000001dae8       0xa4 _build/nrf51822_xxaa_softdevice_handler.c.o
                0x000000000001dae8                softdevice_handler_init
 .text.SWI2_IRQHandler
                0x000000000001db8c       0x30 _build/nrf51822_xxaa_softdevice_handler.c.o
                0x000000000001db8c                SWI2_IRQHandler
 .text.softdevice_enable_get_default_config
                0x000000000001dbbc       0x30 _build/nrf51822_xxaa_softdevice_handler.c.o
                0x000000000001dbbc                softdevice_enable_get_default_config
 .text.softdevice_enable
                0x000000000001dbec       0x1c _build/nrf51822_xxaa_softdevice_handler.c.o
                0x000000000001dbec                softdevice_enable
 .text          0x000000000001dc08      0x114 /home/virtualabs/tmp/nrf5-sdk/toolchain/gcc-arm-none-eabi-6-2017-q1-update/bin/../lib/gcc/arm-none-eabi/6.3.1/thumb/v6-m/libgcc.a(_udivsi3.o)
                0x000000000001dc08                __udivsi3
                0x000000000001dc08                __aeabi_uidiv
                0x000000000001dd14                __aeabi_uidivmod
 .text          0x000000000001dd1c        0x4 /home/virtualabs/tmp/nrf5-sdk/toolchain/gcc-arm-none-eabi-6-2017-q1-update/bin/../lib/gcc/arm-none-eabi/6.3.1/thumb/v6-m/libgcc.a(_dvmd_tls.o)
                0x000000000001dd1c                __aeabi_ldiv0
                0x000000000001dd1c                __aeabi_idiv0
 .text.memcpy   0x000000000001dd20       0x12 /home/virtualabs/tmp/nrf5-sdk/toolchain/gcc-arm-none-eabi-6-2017-q1-update/bin/../lib/gcc/arm-none-eabi/6.3.1/../../../../arm-none-eabi/lib/thumb/v6-m/libc_nano.a(lib_a-memcpy-stub.o)
                0x000000000001dd20                memcpy
 *(.init)
 *fill*         0x000000000001dd32        0x2 
 .init          0x000000000001dd34        0x4 /home/virtualabs/tmp/nrf5-sdk/toolchain/gcc-arm-none-eabi-6-2017-q1-update/bin/../lib/gcc/arm-none-eabi/6.3.1/thumb/v6-m/crti.o
                0x000000000001dd34                _init
 .init          0x000000000001dd38        0x8 /home/virtualabs/tmp/nrf5-sdk/toolchain/gcc-arm-none-eabi-6-2017-q1-update/bin/../lib/gcc/arm-none-eabi/6.3.1/thumb/v6-m/crtn.o
 *(.fini)
 .fini          0x000000000001dd40        0x4 /home/virtualabs/tmp/nrf5-sdk/toolchain/gcc-arm-none-eabi-6-2017-q1-update/bin/../lib/gcc/arm-none-eabi/6.3.1/thumb/v6-m/crti.o
                0x000000000001dd40                _fini
 .fini          0x000000000001dd44        0x8 /home/virtualabs/tmp/nrf5-sdk/toolchain/gcc-arm-none-eabi-6-2017-q1-update/bin/../lib/gcc/arm-none-eabi/6.3.1/thumb/v6-m/crtn.o
 *crtbegin.o(.ctors)
 *crtbegin?.o(.ctors)
 *(EXCLUDE_FILE(*crtend.o *crtend?.o) .ctors)
 *(SORT(.ctors.*))
 *(.ctors)
 *crtbegin.o(.dtors)
 *crtbegin?.o(.dtors)
 *(EXCLUDE_FILE(*crtend.o *crtend?.o) .dtors)
 *(SORT(.dtors.*))
 *(.dtors)
 *(.rodata*)
 .rodata._global_impure_ptr
                0x000000000001dd4c        0x4 /home/virtualabs/tmp/nrf5-sdk/toolchain/gcc-arm-none-eabi-6-2017-q1-update/bin/../lib/gcc/arm-none-eabi/6.3.1/../../../../arm-none-eabi/lib/thumb/v6-m/libc_nano.a(lib_a-impure.o)
                0x000000000001dd4c                _global_impure_ptr
 .rodata.m_detection_delay_timer_id
                0x000000000001dd50        0x4 _build/nrf51822_xxaa_app_button.c.o
 .rodata.m_board_led_list
                0x000000000001dd54        0x3 _build/nrf51822_xxaa_boards.c.o
 *fill*         0x000000000001dd57        0x1 
 .rodata.leds_timer_handler
                0x000000000001dd58       0x60 _build/nrf51822_xxaa_bsp.c.o
 .rodata.bsp_indication_set
                0x000000000001ddb8       0x60 _build/nrf51822_xxaa_bsp.c.o
 .rodata.app_buttons
                0x000000000001de18       0x10 _build/nrf51822_xxaa_bsp.c.o
 .rodata.m_alert_timer_id
                0x000000000001de28        0x4 _build/nrf51822_xxaa_bsp.c.o
 .rodata.m_button_timer_id
                0x000000000001de2c        0x4 _build/nrf51822_xxaa_bsp.c.o
 .rodata.m_leds_timer_id
                0x000000000001de30        0x4 _build/nrf51822_xxaa_bsp.c.o
 .rodata        0x000000000001de34        0x4 _build/nrf51822_xxaa_main.c.o
 *(.eh_frame*)
 .eh_frame      0x000000000001de38        0x0 /home/virtualabs/tmp/nrf5-sdk/toolchain/gcc-arm-none-eabi-6-2017-q1-update/bin/../lib/gcc/arm-none-eabi/6.3.1/thumb/v6-m/crtbegin.o
 .eh_frame      0x000000000001de38        0x4 /home/virtualabs/tmp/nrf5-sdk/toolchain/gcc-arm-none-eabi-6-2017-q1-update/bin/../lib/gcc/arm-none-eabi/6.3.1/thumb/v6-m/crtend.o

.glue_7         0x000000000001de3c        0x0
 .glue_7        0x000000000001de3c        0x0 linker stubs

.glue_7t        0x000000000001de3c        0x0
 .glue_7t       0x000000000001de3c        0x0 linker stubs

.vfp11_veneer   0x000000000001de3c        0x0
 .vfp11_veneer  0x000000000001de3c        0x0 linker stubs

.v4_bx          0x000000000001de3c        0x0
 .v4_bx         0x000000000001de3c        0x0 linker stubs

.iplt           0x000000000001de3c        0x0
 .iplt          0x000000000001de3c        0x0 /home/virtualabs/tmp/nrf5-sdk/toolchain/gcc-arm-none-eabi-6-2017-q1-update/bin/../lib/gcc/arm-none-eabi/6.3.1/thumb/v6-m/crtbegin.o

.ARM.extab
 *(.ARM.extab* .gnu.linkonce.armextab.*)
                0x000000000001de3c                __exidx_start = .

.ARM.exidx      0x000000000001de3c        0x8
 *(.ARM.exidx* .gnu.linkonce.armexidx.*)
 .ARM.exidx     0x000000000001de3c        0x8 /home/virtualabs/tmp/nrf5-sdk/toolchain/gcc-arm-none-eabi-6-2017-q1-update/bin/../lib/gcc/arm-none-eabi/6.3.1/../../../../arm-none-eabi/lib/thumb/v6-m/crt0.o
                0x000000000001de44                __exidx_end = .
                0x000000000001de44                __etext = .

.rel.dyn        0x000000000001de44        0x0
 .rel.iplt      0x000000000001de44        0x0 /home/virtualabs/tmp/nrf5-sdk/toolchain/gcc-arm-none-eabi-6-2017-q1-update/bin/../lib/gcc/arm-none-eabi/6.3.1/thumb/v6-m/crtbegin.o

.data           0x0000000020001870       0x88 load address 0x000000000001de44
                0x0000000020001870                __data_start__ = .
 *(vtable)
 *(.data*)
 .data.impure_data
                0x0000000020001870       0x60 /home/virtualabs/tmp/nrf5-sdk/toolchain/gcc-arm-none-eabi-6-2017-q1-update/bin/../lib/gcc/arm-none-eabi/6.3.1/../../../../arm-none-eabi/lib/thumb/v6-m/libc_nano.a(lib_a-impure.o)
 .data.m_beacon_info
                0x00000000200018d0       0x17 _build/nrf51822_xxaa_main.c.o
 *fill*         0x00000000200018e7        0x1 
 .data.SystemCoreClock
                0x00000000200018e8        0x4 _build/nrf51822_xxaa_system_nrf51.c.o
                0x00000000200018e8                SystemCoreClock
                0x00000000200018ec                . = ALIGN (0x4)
                0x00000000200018ec                PROVIDE (__preinit_array_start, .)
 *(.preinit_array)
                0x00000000200018ec                PROVIDE (__preinit_array_end, .)
                0x00000000200018ec                . = ALIGN (0x4)
                0x00000000200018ec                PROVIDE (__init_array_start, .)
 *(SORT(.init_array.*))
 *(.init_array)
 .init_array    0x00000000200018ec        0x4 /home/virtualabs/tmp/nrf5-sdk/toolchain/gcc-arm-none-eabi-6-2017-q1-update/bin/../lib/gcc/arm-none-eabi/6.3.1/thumb/v6-m/crtbegin.o
                0x00000000200018f0                PROVIDE (__init_array_end, .)
                0x00000000200018f0                . = ALIGN (0x4)
                [!provide]                        PROVIDE (__fini_array_start, .)
 *(SORT(.fini_array.*))
 *(.fini_array)
 .fini_array    0x00000000200018f0        0x4 /home/virtualabs/tmp/nrf5-sdk/toolchain/gcc-arm-none-eabi-6-2017-q1-update/bin/../lib/gcc/arm-none-eabi/6.3.1/thumb/v6-m/crtbegin.o
                [!provide]                        PROVIDE (__fini_array_end, .)
 *(.jcr*)
 .jcr           0x00000000200018f4        0x0 /home/virtualabs/tmp/nrf5-sdk/toolchain/gcc-arm-none-eabi-6-2017-q1-update/bin/../lib/gcc/arm-none-eabi/6.3.1/thumb/v6-m/crtbegin.o
 .jcr           0x00000000200018f4        0x4 /home/virtualabs/tmp/nrf5-sdk/toolchain/gcc-arm-none-eabi-6-2017-q1-update/bin/../lib/gcc/arm-none-eabi/6.3.1/thumb/v6-m/crtend.o
                0x00000000200018f8                . = ALIGN (0x4)
                0x00000000200018f8                __data_end__ = .
LOAD /home/virtualabs/tmp/nrf5-sdk/toolchain/gcc-arm-none-eabi-6-2017-q1-update/bin/../lib/gcc/arm-none-eabi/6.3.1/thumb/v6-m/crti.o
LOAD /home/virtualabs/tmp/nrf5-sdk/toolchain/gcc-arm-none-eabi-6-2017-q1-update/bin/../lib/gcc/arm-none-eabi/6.3.1/thumb/v6-m/crtbegin.o
LOAD /home/virtualabs/tmp/nrf5-sdk/toolchain/gcc-arm-none-eabi-6-2017-q1-update/bin/../lib/gcc/arm-none-eabi/6.3.1/../../../../arm-none-eabi/lib/thumb/v6-m/crt0.o
LOAD /home/virtualabs/tmp/nrf5-sdk/toolchain/gcc-arm-none-eabi-6-2017-q1-update/bin/../lib/gcc/arm-none-eabi/6.3.1/../../../../arm-none-eabi/lib/thumb/v6-m/libc_nano.a
LOAD /home/virtualabs/tmp/nrf5-sdk/toolchain/gcc-arm-none-eabi-6-2017-q1-update/bin/../lib/gcc/arm-none-eabi/6.3.1/../../../../arm-none-eabi/lib/thumb/v6-m/libnosys.a
LOAD _build/nrf51822_xxaa_nrf_log_backend_serial.c.o
LOAD _build/nrf51822_xxaa_nrf_log_frontend.c.o
LOAD _build/nrf51822_xxaa_app_button.c.o
LOAD _build/nrf51822_xxaa_app_error.c.o
LOAD _build/nrf51822_xxaa_app_error_weak.c.o
LOAD _build/nrf51822_xxaa_app_timer.c.o
LOAD _build/nrf51822_xxaa_app_util_platform.c.o
LOAD _build/nrf51822_xxaa_hardfault_implementation.c.o
LOAD _build/nrf51822_xxaa_nrf_assert.c.o
LOAD _build/nrf51822_xxaa_sdk_errors.c.o
LOAD _build/nrf51822_xxaa_boards.c.o
LOAD _build/nrf51822_xxaa_nrf_drv_clock.c.o
LOAD _build/nrf51822_xxaa_nrf_drv_common.c.o
LOAD _build/nrf51822_xxaa_nrf_drv_gpiote.c.o
LOAD _build/nrf51822_xxaa_nrf_drv_uart.c.o
LOAD _build/nrf51822_xxaa_bsp.c.o
LOAD _build/nrf51822_xxaa_bsp_nfc.c.o
LOAD _build/nrf51822_xxaa_main.c.o
LOAD _build/nrf51822_xxaa_RTT_Syscalls_GCC.c.o
LOAD _build/nrf51822_xxaa_SEGGER_RTT.c.o
LOAD _build/nrf51822_xxaa_SEGGER_RTT_printf.c.o
LOAD _build/nrf51822_xxaa_ble_advdata.c.o
LOAD _build/nrf51822_xxaa_ble_conn_params.c.o
LOAD _build/nrf51822_xxaa_ble_srv_common.c.o
LOAD _build/nrf51822_xxaa_gcc_startup_nrf51.S.o
LOAD _build/nrf51822_xxaa_system_nrf51.c.o
LOAD _build/nrf51822_xxaa_softdevice_handler.c.o
LOAD /home/virtualabs/tmp/nrf5-sdk/toolchain/gcc-arm-none-eabi-6-2017-q1-update/bin/../lib/gcc/arm-none-eabi/6.3.1/../../../../arm-none-eabi/lib/thumb/v6-m/libm.a
START GROUP
LOAD /home/virtualabs/tmp/nrf5-sdk/toolchain/gcc-arm-none-eabi-6-2017-q1-update/bin/../lib/gcc/arm-none-eabi/6.3.1/thumb/v6-m/libgcc.a
LOAD /home/virtualabs/tmp/nrf5-sdk/toolchain/gcc-arm-none-eabi-6-2017-q1-update/bin/../lib/gcc/arm-none-eabi/6.3.1/../../../../arm-none-eabi/lib/thumb/v6-m/libc_nano.a
END GROUP
START GROUP
LOAD /home/virtualabs/tmp/nrf5-sdk/toolchain/gcc-arm-none-eabi-6-2017-q1-update/bin/../lib/gcc/arm-none-eabi/6.3.1/thumb/v6-m/libgcc.a
LOAD /home/virtualabs/tmp/nrf5-sdk/toolchain/gcc-arm-none-eabi-6-2017-q1-update/bin/../lib/gcc/arm-none-eabi/6.3.1/../../../../arm-none-eabi/lib/thumb/v6-m/libc_nano.a
END GROUP
LOAD /home/virtualabs/tmp/nrf5-sdk/toolchain/gcc-arm-none-eabi-6-2017-q1-update/bin/../lib/gcc/arm-none-eabi/6.3.1/thumb/v6-m/crtend.o
LOAD /home/virtualabs/tmp/nrf5-sdk/toolchain/gcc-arm-none-eabi-6-2017-q1-update/bin/../lib/gcc/arm-none-eabi/6.3.1/thumb/v6-m/crtn.o
START GROUP
LOAD /home/virtualabs/tmp/nrf5-sdk/toolchain/gcc-arm-none-eabi-6-2017-q1-update/bin/../lib/gcc/arm-none-eabi/6.3.1/thumb/v6-m/libgcc.a
LOAD /home/virtualabs/tmp/nrf5-sdk/toolchain/gcc-arm-none-eabi-6-2017-q1-update/bin/../lib/gcc/arm-none-eabi/6.3.1/../../../../arm-none-eabi/lib/thumb/v6-m/libc.a
LOAD /home/virtualabs/tmp/nrf5-sdk/toolchain/gcc-arm-none-eabi-6-2017-q1-update/bin/../lib/gcc/arm-none-eabi/6.3.1/../../../../arm-none-eabi/lib/thumb/v6-m/libnosys.a
END GROUP

.igot.plt       0x00000000200018f8        0x0 load address 0x000000000001decc
 .igot.plt      0x00000000200018f8        0x0 /home/virtualabs/tmp/nrf5-sdk/toolchain/gcc-arm-none-eabi-6-2017-q1-update/bin/../lib/gcc/arm-none-eabi/6.3.1/thumb/v6-m/crtbegin.o

.fs_data        0x00000000200018f8        0x0
                [!provide]                        PROVIDE (__start_fs_data, .)
 *(.fs_data)
                [!provide]                        PROVIDE (__stop_fs_data, .)

.pwr_mgmt_data  0x00000000200018f8        0x0
                [!provide]                        PROVIDE (__start_pwr_mgmt_data, .)
 *(.pwr_mgmt_data)
                [!provide]                        PROVIDE (__stop_pwr_mgmt_data, .)

.bss            0x00000000200018f8      0x268 load address 0x000000000001decc
                0x00000000200018f8                . = ALIGN (0x4)
                0x00000000200018f8                __bss_start__ = .
 *(.bss*)
 .bss           0x00000000200018f8       0x1c /home/virtualabs/tmp/nrf5-sdk/toolchain/gcc-arm-none-eabi-6-2017-q1-update/bin/../lib/gcc/arm-none-eabi/6.3.1/thumb/v6-m/crtbegin.o
 .bss.m_button_count
                0x0000000020001914        0x1 _build/nrf51822_xxaa_app_button.c.o
 *fill*         0x0000000020001915        0x3 
 .bss.m_detection_delay
                0x0000000020001918        0x4 _build/nrf51822_xxaa_app_button.c.o
 .bss.m_detection_delay_timer_id_data
                0x000000002000191c       0x20 _build/nrf51822_xxaa_app_button.c.o
 .bss.m_pin_state
                0x000000002000193c        0x4 _build/nrf51822_xxaa_app_button.c.o
 .bss.m_pin_transition
                0x0000000020001940        0x4 _build/nrf51822_xxaa_app_button.c.o
 .bss.mp_buttons
                0x0000000020001944        0x4 _build/nrf51822_xxaa_app_button.c.o
 .bss.m_evt_schedule_func
                0x0000000020001948        0x4 _build/nrf51822_xxaa_app_timer.c.o
 .bss.m_op_queue
                0x000000002000194c        0x8 _build/nrf51822_xxaa_app_timer.c.o
 .bss.m_rtc1_reset
                0x0000000020001954        0x1 _build/nrf51822_xxaa_app_timer.c.o
 .bss.m_rtc1_running
                0x0000000020001955        0x1 _build/nrf51822_xxaa_app_timer.c.o
 *fill*         0x0000000020001956        0x2 
 .bss.m_ticks_elapsed
                0x0000000020001958        0x8 _build/nrf51822_xxaa_app_timer.c.o
 .bss.m_ticks_elapsed_q_read_ind
                0x0000000020001960        0x1 _build/nrf51822_xxaa_app_timer.c.o
 .bss.m_ticks_elapsed_q_write_ind
                0x0000000020001961        0x1 _build/nrf51822_xxaa_app_timer.c.o
 *fill*         0x0000000020001962        0x2 
 .bss.m_ticks_latest
                0x0000000020001964        0x4 _build/nrf51822_xxaa_app_timer.c.o
 .bss.mp_timer_id_head
                0x0000000020001968        0x4 _build/nrf51822_xxaa_app_timer.c.o
 .bss.m_clock_cb
                0x000000002000196c       0x14 _build/nrf51822_xxaa_nrf_drv_clock.c.o
 .bss.m_cb      0x0000000020001980       0x48 _build/nrf51822_xxaa_nrf_drv_gpiote.c.o
 .bss.m_cb      0x00000000200019c8       0x1c _build/nrf51822_xxaa_nrf_drv_uart.c.o
 .bss.current_long_push_pin_no.6095
                0x00000000200019e4        0x1 _build/nrf51822_xxaa_bsp.c.o
 *fill*         0x00000000200019e5        0x3 
 .bss.m_alert_timer_id_data
                0x00000000200019e8       0x20 _build/nrf51822_xxaa_bsp.c.o
 .bss.m_app_ticks_per_100ms
                0x0000000020001a08        0x4 _build/nrf51822_xxaa_bsp.c.o
 .bss.m_button_timer_id_data
                0x0000000020001a0c       0x20 _build/nrf51822_xxaa_bsp.c.o
 .bss.m_events_list
                0x0000000020001a2c        0x6 _build/nrf51822_xxaa_bsp.c.o
 *fill*         0x0000000020001a32        0x2 
 .bss.m_indication_type
                0x0000000020001a34        0x4 _build/nrf51822_xxaa_bsp.c.o
 .bss.m_leds_clear
                0x0000000020001a38        0x1 _build/nrf51822_xxaa_bsp.c.o
 *fill*         0x0000000020001a39        0x3 
 .bss.m_leds_timer_id_data
                0x0000000020001a3c       0x20 _build/nrf51822_xxaa_bsp.c.o
 .bss.m_registered_callback
                0x0000000020001a5c        0x4 _build/nrf51822_xxaa_bsp.c.o
 .bss.m_stable_state
                0x0000000020001a60        0x1 _build/nrf51822_xxaa_bsp.c.o
 *fill*         0x0000000020001a61        0x3 
 .bss.release_event_at_push.6096
                0x0000000020001a64        0x2 _build/nrf51822_xxaa_bsp.c.o
 *fill*         0x0000000020001a66        0x2 
 .bss.APP_TIMER_BUF.7726
                0x0000000020001a68       0x78 _build/nrf51822_xxaa_main.c.o
 .bss.BLE_EVT_BUFFER.7710
                0x0000000020001ae0       0x48 _build/nrf51822_xxaa_main.c.o
 .bss.m_adv_params
                0x0000000020001b28       0x18 _build/nrf51822_xxaa_main.c.o
 .bss.m_ble_evt_buffer_size
                0x0000000020001b40        0x2 _build/nrf51822_xxaa_softdevice_handler.c.o
 *fill*         0x0000000020001b42        0x2 
 .bss.m_ble_evt_handler
                0x0000000020001b44        0x4 _build/nrf51822_xxaa_softdevice_handler.c.o
 .bss.m_evt_schedule_func
                0x0000000020001b48        0x4 _build/nrf51822_xxaa_softdevice_handler.c.o
 .bss.m_softdevice_enabled
                0x0000000020001b4c        0x1 _build/nrf51822_xxaa_softdevice_handler.c.o
 .bss.m_suspended
                0x0000000020001b4d        0x1 _build/nrf51822_xxaa_softdevice_handler.c.o
 *fill*         0x0000000020001b4e        0x2 
 .bss.m_sys_evt_handler
                0x0000000020001b50        0x4 _build/nrf51822_xxaa_softdevice_handler.c.o
 .bss.mp_ble_evt_buffer
                0x0000000020001b54        0x4 _build/nrf51822_xxaa_softdevice_handler.c.o
 *(COMMON)
 COMMON         0x0000000020001b58        0x8 _build/nrf51822_xxaa_app_util_platform.c.o
                0x0000000020001b58                nrf_nvic_state
                0x0000000020001b60                . = ALIGN (0x4)
                0x0000000020001b60                __bss_end__ = .

.heap           0x0000000020001b60      0x800
                0x0000000020001b60                __HeapBase = .
                0x0000000020001b60                __end__ = .
                [!provide]                        PROVIDE (end, .)
 *(.heap*)
 .heap          0x0000000020001b60      0x800 _build/nrf51822_xxaa_gcc_startup_nrf51.S.o
                0x0000000020002360                __HeapLimit = .

.stack_dummy    0x0000000020001b60      0x800
 *(.stack*)
 .stack         0x0000000020001b60      0x800 _build/nrf51822_xxaa_gcc_startup_nrf51.S.o
                0x0000000020004000                __StackTop = (ORIGIN (RAM) + LENGTH (RAM))
                0x0000000020003800                __StackLimit = (__StackTop - SIZEOF (.stack_dummy))
                0x0000000020004000                PROVIDE (__stack, __StackTop)
                0x0000000000000001                ASSERT ((__StackLimit >= __HeapLimit), region RAM overflowed with stack)
OUTPUT(_build/nrf51822_xxaa.out elf32-littlearm)

.ARM.attributes
                0x0000000000000000       0x28
 .ARM.attributes
                0x0000000000000000       0x1e /home/virtualabs/tmp/nrf5-sdk/toolchain/gcc-arm-none-eabi-6-2017-q1-update/bin/../lib/gcc/arm-none-eabi/6.3.1/thumb/v6-m/crti.o
 .ARM.attributes
                0x000000000000001e       0x2c /home/virtualabs/tmp/nrf5-sdk/toolchain/gcc-arm-none-eabi-6-2017-q1-update/bin/../lib/gcc/arm-none-eabi/6.3.1/thumb/v6-m/crtbegin.o
 .ARM.attributes
                0x000000000000004a       0x1b /home/virtualabs/tmp/nrf5-sdk/toolchain/gcc-arm-none-eabi-6-2017-q1-update/bin/../lib/gcc/arm-none-eabi/6.3.1/../../../../arm-none-eabi/lib/thumb/v6-m/crt0.o
 .ARM.attributes
                0x0000000000000065       0x2c /home/virtualabs/tmp/nrf5-sdk/toolchain/gcc-arm-none-eabi-6-2017-q1-update/bin/../lib/gcc/arm-none-eabi/6.3.1/../../../../arm-none-eabi/lib/thumb/v6-m/libc_nano.a(lib_a-exit.o)
 .ARM.attributes
                0x0000000000000091       0x2c /home/virtualabs/tmp/nrf5-sdk/toolchain/gcc-arm-none-eabi-6-2017-q1-update/bin/../lib/gcc/arm-none-eabi/6.3.1/../../../../arm-none-eabi/lib/thumb/v6-m/libc_nano.a(lib_a-impure.o)
 .ARM.attributes
                0x00000000000000bd       0x2c /home/virtualabs/tmp/nrf5-sdk/toolchain/gcc-arm-none-eabi-6-2017-q1-update/bin/../lib/gcc/arm-none-eabi/6.3.1/../../../../arm-none-eabi/lib/thumb/v6-m/libc_nano.a(lib_a-init.o)
 .ARM.attributes
                0x00000000000000e9       0x2c /home/virtualabs/tmp/nrf5-sdk/toolchain/gcc-arm-none-eabi-6-2017-q1-update/bin/../lib/gcc/arm-none-eabi/6.3.1/../../../../arm-none-eabi/lib/thumb/v6-m/libc_nano.a(lib_a-memset.o)
 .ARM.attributes
                0x0000000000000115       0x2c /home/virtualabs/tmp/nrf5-sdk/toolchain/gcc-arm-none-eabi-6-2017-q1-update/bin/../lib/gcc/arm-none-eabi/6.3.1/../../../../arm-none-eabi/lib/thumb/v6-m/libnosys.a(_exit.o)
 .ARM.attributes
                0x0000000000000141       0x31 _build/nrf51822_xxaa_app_button.c.o
 .ARM.attributes
                0x0000000000000172       0x31 _build/nrf51822_xxaa_app_error.c.o
 .ARM.attributes
                0x00000000000001a3       0x31 _build/nrf51822_xxaa_app_error_weak.c.o
 .ARM.attributes
                0x00000000000001d4       0x31 _build/nrf51822_xxaa_app_timer.c.o
 .ARM.attributes
                0x0000000000000205       0x31 _build/nrf51822_xxaa_app_util_platform.c.o
 .ARM.attributes
                0x0000000000000236       0x31 _build/nrf51822_xxaa_boards.c.o
 .ARM.attributes
                0x0000000000000267       0x31 _build/nrf51822_xxaa_nrf_drv_clock.c.o
 .ARM.attributes
                0x0000000000000298       0x31 _build/nrf51822_xxaa_nrf_drv_common.c.o
 .ARM.attributes
                0x00000000000002c9       0x31 _build/nrf51822_xxaa_nrf_drv_gpiote.c.o
 .ARM.attributes
                0x00000000000002fa       0x31 _build/nrf51822_xxaa_nrf_drv_uart.c.o
 .ARM.attributes
                0x000000000000032b       0x31 _build/nrf51822_xxaa_bsp.c.o
 .ARM.attributes
                0x000000000000035c       0x31 _build/nrf51822_xxaa_main.c.o
 .ARM.attributes
                0x000000000000038d       0x31 _build/nrf51822_xxaa_ble_advdata.c.o
 .ARM.attributes
                0x00000000000003be       0x1b _build/nrf51822_xxaa_gcc_startup_nrf51.S.o
 .ARM.attributes
                0x00000000000003d9       0x31 _build/nrf51822_xxaa_system_nrf51.c.o
 .ARM.attributes
                0x000000000000040a       0x31 _build/nrf51822_xxaa_softdevice_handler.c.o
 .ARM.attributes
                0x000000000000043b       0x1e /home/virtualabs/tmp/nrf5-sdk/toolchain/gcc-arm-none-eabi-6-2017-q1-update/bin/../lib/gcc/arm-none-eabi/6.3.1/thumb/v6-m/libgcc.a(_udivsi3.o)
 .ARM.attributes
                0x0000000000000459       0x1e /home/virtualabs/tmp/nrf5-sdk/toolchain/gcc-arm-none-eabi-6-2017-q1-update/bin/../lib/gcc/arm-none-eabi/6.3.1/thumb/v6-m/libgcc.a(_dvmd_tls.o)
 .ARM.attributes
                0x0000000000000477       0x2c /home/virtualabs/tmp/nrf5-sdk/toolchain/gcc-arm-none-eabi-6-2017-q1-update/bin/../lib/gcc/arm-none-eabi/6.3.1/../../../../arm-none-eabi/lib/thumb/v6-m/libc_nano.a(lib_a-memcpy-stub.o)
 .ARM.attributes
                0x00000000000004a3       0x2c /home/virtualabs/tmp/nrf5-sdk/toolchain/gcc-arm-none-eabi-6-2017-q1-update/bin/../lib/gcc/arm-none-eabi/6.3.1/thumb/v6-m/crtend.o
 .ARM.attributes
                0x00000000000004cf       0x1e /home/virtualabs/tmp/nrf5-sdk/toolchain/gcc-arm-none-eabi-6-2017-q1-update/bin/../lib/gcc/arm-none-eabi/6.3.1/thumb/v6-m/crtn.o

.comment        0x0000000000000000       0x7f
 .comment       0x0000000000000000       0x7f _build/nrf51822_xxaa_app_button.c.o
                                         0x80 (size before relaxing)
 .comment       0x000000000000007f       0x80 _build/nrf51822_xxaa_app_error.c.o
 .comment       0x000000000000007f       0x80 _build/nrf51822_xxaa_app_error_weak.c.o
 .comment       0x000000000000007f       0x80 _build/nrf51822_xxaa_app_timer.c.o
 .comment       0x000000000000007f       0x80 _build/nrf51822_xxaa_app_util_platform.c.o
 .comment       0x000000000000007f       0x80 _build/nrf51822_xxaa_boards.c.o
 .comment       0x000000000000007f       0x80 _build/nrf51822_xxaa_nrf_drv_clock.c.o
 .comment       0x000000000000007f       0x80 _build/nrf51822_xxaa_nrf_drv_common.c.o
 .comment       0x000000000000007f       0x80 _build/nrf51822_xxaa_nrf_drv_gpiote.c.o
 .comment       0x000000000000007f       0x80 _build/nrf51822_xxaa_nrf_drv_uart.c.o
 .comment       0x000000000000007f       0x80 _build/nrf51822_xxaa_bsp.c.o
 .comment       0x000000000000007f       0x80 _build/nrf51822_xxaa_main.c.o
 .comment       0x000000000000007f       0x80 _build/nrf51822_xxaa_ble_advdata.c.o
 .comment       0x000000000000007f       0x80 _build/nrf51822_xxaa_system_nrf51.c.o
 .comment       0x000000000000007f       0x80 _build/nrf51822_xxaa_softdevice_handler.c.o

.debug_frame    0x0000000000000000      0xe74
 .debug_frame   0x0000000000000000       0x28 /home/virtualabs/tmp/nrf5-sdk/toolchain/gcc-arm-none-eabi-6-2017-q1-update/bin/../lib/gcc/arm-none-eabi/6.3.1/../../../../arm-none-eabi/lib/thumb/v6-m/libc_nano.a(lib_a-exit.o)
 .debug_frame   0x0000000000000028       0x2c /home/virtualabs/tmp/nrf5-sdk/toolchain/gcc-arm-none-eabi-6-2017-q1-update/bin/../lib/gcc/arm-none-eabi/6.3.1/../../../../arm-none-eabi/lib/thumb/v6-m/libc_nano.a(lib_a-init.o)
 .debug_frame   0x0000000000000054       0x20 /home/virtualabs/tmp/nrf5-sdk/toolchain/gcc-arm-none-eabi-6-2017-q1-update/bin/../lib/gcc/arm-none-eabi/6.3.1/../../../../arm-none-eabi/lib/thumb/v6-m/libc_nano.a(lib_a-memset.o)
 .debug_frame   0x0000000000000074       0x20 /home/virtualabs/tmp/nrf5-sdk/toolchain/gcc-arm-none-eabi-6-2017-q1-update/bin/../lib/gcc/arm-none-eabi/6.3.1/../../../../arm-none-eabi/lib/thumb/v6-m/libnosys.a(_exit.o)
 .debug_frame   0x0000000000000094       0xd4 _build/nrf51822_xxaa_app_button.c.o
 .debug_frame   0x0000000000000168       0x5c _build/nrf51822_xxaa_app_error.c.o
 .debug_frame   0x00000000000001c4       0x20 _build/nrf51822_xxaa_app_error_weak.c.o
 .debug_frame   0x00000000000001e4      0x128 _build/nrf51822_xxaa_app_timer.c.o
 .debug_frame   0x000000000000030c       0x68 _build/nrf51822_xxaa_app_util_platform.c.o
 .debug_frame   0x0000000000000374       0xe8 _build/nrf51822_xxaa_boards.c.o
 .debug_frame   0x000000000000045c      0x1c0 _build/nrf51822_xxaa_nrf_drv_clock.c.o
 .debug_frame   0x000000000000061c       0x40 _build/nrf51822_xxaa_nrf_drv_common.c.o
 .debug_frame   0x000000000000065c      0x200 _build/nrf51822_xxaa_nrf_drv_gpiote.c.o
 .debug_frame   0x000000000000085c      0x14c _build/nrf51822_xxaa_nrf_drv_uart.c.o
 .debug_frame   0x00000000000009a8      0x144 _build/nrf51822_xxaa_bsp.c.o
 .debug_frame   0x0000000000000aec       0x74 _build/nrf51822_xxaa_main.c.o
 .debug_frame   0x0000000000000b60       0xe4 _build/nrf51822_xxaa_ble_advdata.c.o
 .debug_frame   0x0000000000000c44       0x30 _build/nrf51822_xxaa_system_nrf51.c.o
 .debug_frame   0x0000000000000c74      0x1b8 _build/nrf51822_xxaa_softdevice_handler.c.o
 .debug_frame   0x0000000000000e2c       0x20 /home/virtualabs/tmp/nrf5-sdk/toolchain/gcc-arm-none-eabi-6-2017-q1-update/bin/../lib/gcc/arm-none-eabi/6.3.1/thumb/v6-m/libgcc.a(_udivsi3.o)
 .debug_frame   0x0000000000000e4c       0x28 /home/virtualabs/tmp/nrf5-sdk/toolchain/gcc-arm-none-eabi-6-2017-q1-update/bin/../lib/gcc/arm-none-eabi/6.3.1/../../../../arm-none-eabi/lib/thumb/v6-m/libc_nano.a(lib_a-memcpy-stub.o)

.debug_info     0x0000000000000000    0x17650
 .debug_info    0x0000000000000000      0xe1f _build/nrf51822_xxaa_app_button.c.o
 .debug_info    0x0000000000000e1f      0xb4e _build/nrf51822_xxaa_app_error.c.o
 .debug_info    0x000000000000196d      0xa19 _build/nrf51822_xxaa_app_error_weak.c.o
 .debug_info    0x0000000000002386     0x22e2 _build/nrf51822_xxaa_app_timer.c.o
 .debug_info    0x0000000000004668      0xd58 _build/nrf51822_xxaa_app_util_platform.c.o
 .debug_info    0x00000000000053c0     0x13e9 _build/nrf51822_xxaa_boards.c.o
 .debug_info    0x00000000000067a9     0x1e43 _build/nrf51822_xxaa_nrf_drv_clock.c.o
 .debug_info    0x00000000000085ec      0xd16 _build/nrf51822_xxaa_nrf_drv_common.c.o
 .debug_info    0x0000000000009302     0x2d27 _build/nrf51822_xxaa_nrf_drv_gpiote.c.o
 .debug_info    0x000000000000c029     0x32e5 _build/nrf51822_xxaa_nrf_drv_uart.c.o
 .debug_info    0x000000000000f30e     0x1a4e _build/nrf51822_xxaa_bsp.c.o
 .debug_info    0x0000000000010d5c     0x1872 _build/nrf51822_xxaa_main.c.o
 .debug_info    0x00000000000125ce     0x2339 _build/nrf51822_xxaa_ble_advdata.c.o
 .debug_info    0x0000000000014907      0x1e9 _build/nrf51822_xxaa_system_nrf51.c.o
 .debug_info    0x0000000000014af0     0x2b60 _build/nrf51822_xxaa_softdevice_handler.c.o

.debug_abbrev   0x0000000000000000     0x353c
 .debug_abbrev  0x0000000000000000      0x298 _build/nrf51822_xxaa_app_button.c.o
 .debug_abbrev  0x0000000000000298      0x235 _build/nrf51822_xxaa_app_error.c.o
 .debug_abbrev  0x00000000000004cd      0x20d _build/nrf51822_xxaa_app_error_weak.c.o
 .debug_abbrev  0x00000000000006da      0x47d _build/nrf51822_xxaa_app_timer.c.o
 .debug_abbrev  0x0000000000000b57      0x319 _build/nrf51822_xxaa_app_util_platform.c.o
 .debug_abbrev  0x0000000000000e70      0x384 _build/nrf51822_xxaa_boards.c.o
 .debug_abbrev  0x00000000000011f4      0x52e _build/nrf51822_xxaa_nrf_drv_clock.c.o
 .debug_abbrev  0x0000000000001722      0x28b _build/nrf51822_xxaa_nrf_drv_common.c.o
 .debug_abbrev  0x00000000000019ad      0x4e7 _build/nrf51822_xxaa_nrf_drv_gpiote.c.o
 .debug_abbrev  0x0000000000001e94      0x449 _build/nrf51822_xxaa_nrf_drv_uart.c.o
 .debug_abbrev  0x00000000000022dd      0x44b _build/nrf51822_xxaa_bsp.c.o
 .debug_abbrev  0x0000000000002728      0x39d _build/nrf51822_xxaa_main.c.o
 .debug_abbrev  0x0000000000002ac5      0x40b _build/nrf51822_xxaa_ble_advdata.c.o
 .debug_abbrev  0x0000000000002ed0      0x10b _build/nrf51822_xxaa_system_nrf51.c.o
 .debug_abbrev  0x0000000000002fdb      0x561 _build/nrf51822_xxaa_softdevice_handler.c.o

.debug_loc      0x0000000000000000     0x881a
 .debug_loc     0x0000000000000000      0x3bb _build/nrf51822_xxaa_app_button.c.o
 .debug_loc     0x00000000000003bb      0x149 _build/nrf51822_xxaa_app_error.c.o
 .debug_loc     0x0000000000000504       0x21 _build/nrf51822_xxaa_app_error_weak.c.o
 .debug_loc     0x0000000000000525      0xeee _build/nrf51822_xxaa_app_timer.c.o
 .debug_loc     0x0000000000001413       0x44 _build/nrf51822_xxaa_app_util_platform.c.o
 .debug_loc     0x0000000000001457      0x72a _build/nrf51822_xxaa_boards.c.o
 .debug_loc     0x0000000000001b81      0x4c9 _build/nrf51822_xxaa_nrf_drv_clock.c.o
 .debug_loc     0x000000000000204a       0xb6 _build/nrf51822_xxaa_nrf_drv_common.c.o
 .debug_loc     0x0000000000002100     0x2415 _build/nrf51822_xxaa_nrf_drv_gpiote.c.o
 .debug_loc     0x0000000000004515     0x1873 _build/nrf51822_xxaa_nrf_drv_uart.c.o
 .debug_loc     0x0000000000005d88      0x9fe _build/nrf51822_xxaa_bsp.c.o
 .debug_loc     0x0000000000006786      0x195 _build/nrf51822_xxaa_main.c.o
 .debug_loc     0x000000000000691b     0x1900 _build/nrf51822_xxaa_ble_advdata.c.o
 .debug_loc     0x000000000000821b      0x5ff _build/nrf51822_xxaa_softdevice_handler.c.o

.debug_aranges  0x0000000000000000      0x5a0
 .debug_aranges
                0x0000000000000000       0x48 _build/nrf51822_xxaa_app_button.c.o
 .debug_aranges
                0x0000000000000048       0x30 _build/nrf51822_xxaa_app_error.c.o
 .debug_aranges
                0x0000000000000078       0x20 _build/nrf51822_xxaa_app_error_weak.c.o
 .debug_aranges
                0x0000000000000098       0x60 _build/nrf51822_xxaa_app_timer.c.o
 .debug_aranges
                0x00000000000000f8       0x38 _build/nrf51822_xxaa_app_util_platform.c.o
 .debug_aranges
                0x0000000000000130       0x80 _build/nrf51822_xxaa_boards.c.o
 .debug_aranges
                0x00000000000001b0       0xb0 _build/nrf51822_xxaa_nrf_drv_clock.c.o
 .debug_aranges
                0x0000000000000260       0x28 _build/nrf51822_xxaa_nrf_drv_common.c.o
 .debug_aranges
                0x0000000000000288       0xb8 _build/nrf51822_xxaa_nrf_drv_gpiote.c.o
 .debug_aranges
                0x0000000000000340       0x70 _build/nrf51822_xxaa_nrf_drv_uart.c.o
 .debug_aranges
                0x00000000000003b0       0x78 _build/nrf51822_xxaa_bsp.c.o
 .debug_aranges
                0x0000000000000428       0x40 _build/nrf51822_xxaa_main.c.o
 .debug_aranges
                0x0000000000000468       0x58 _build/nrf51822_xxaa_ble_advdata.c.o
 .debug_aranges
                0x00000000000004c0       0x28 _build/nrf51822_xxaa_system_nrf51.c.o
 .debug_aranges
                0x00000000000004e8       0xb8 _build/nrf51822_xxaa_softdevice_handler.c.o

.debug_ranges   0x0000000000000000     0x2130
 .debug_ranges  0x0000000000000000       0x80 _build/nrf51822_xxaa_app_button.c.o
 .debug_ranges  0x0000000000000080       0x20 _build/nrf51822_xxaa_app_error.c.o
 .debug_ranges  0x00000000000000a0       0x10 _build/nrf51822_xxaa_app_error_weak.c.o
 .debug_ranges  0x00000000000000b0      0x568 _build/nrf51822_xxaa_app_timer.c.o
 .debug_ranges  0x0000000000000618       0x40 _build/nrf51822_xxaa_app_util_platform.c.o
 .debug_ranges  0x0000000000000658      0x138 _build/nrf51822_xxaa_boards.c.o
 .debug_ranges  0x0000000000000790      0x350 _build/nrf51822_xxaa_nrf_drv_clock.c.o
 .debug_ranges  0x0000000000000ae0       0x48 _build/nrf51822_xxaa_nrf_drv_common.c.o
 .debug_ranges  0x0000000000000b28      0xa68 _build/nrf51822_xxaa_nrf_drv_gpiote.c.o
 .debug_ranges  0x0000000000001590      0x548 _build/nrf51822_xxaa_nrf_drv_uart.c.o
 .debug_ranges  0x0000000000001ad8      0x138 _build/nrf51822_xxaa_bsp.c.o
 .debug_ranges  0x0000000000001c10       0x98 _build/nrf51822_xxaa_main.c.o
 .debug_ranges  0x0000000000001ca8      0x270 _build/nrf51822_xxaa_ble_advdata.c.o
 .debug_ranges  0x0000000000001f18       0x68 _build/nrf51822_xxaa_system_nrf51.c.o
 .debug_ranges  0x0000000000001f80      0x1b0 _build/nrf51822_xxaa_softdevice_handler.c.o

.debug_macro    0x0000000000000000     0x564e
 .debug_macro   0x0000000000000000      0x2fb _build/nrf51822_xxaa_app_button.c.o
 .debug_macro   0x00000000000002fb       0x1c _build/nrf51822_xxaa_app_button.c.o
 .debug_macro   0x0000000000000317       0x10 _build/nrf51822_xxaa_app_button.c.o
 .debug_macro   0x0000000000000327       0x10 _build/nrf51822_xxaa_app_button.c.o
 .debug_macro   0x0000000000000337       0xb6 _build/nrf51822_xxaa_app_button.c.o
 .debug_macro   0x00000000000003ed       0x16 _build/nrf51822_xxaa_app_button.c.o
 .debug_macro   0x0000000000000403      0x145 _build/nrf51822_xxaa_app_button.c.o
 .debug_macro   0x0000000000000548       0x2b _build/nrf51822_xxaa_app_button.c.o
 .debug_macro   0x0000000000000573      0x168 _build/nrf51822_xxaa_app_button.c.o
 .debug_macro   0x00000000000006db       0x10 _build/nrf51822_xxaa_app_button.c.o
 .debug_macro   0x00000000000006eb       0x16 _build/nrf51822_xxaa_app_button.c.o
 .debug_macro   0x0000000000000701       0x22 _build/nrf51822_xxaa_app_button.c.o
 .debug_macro   0x0000000000000723       0x16 _build/nrf51822_xxaa_app_button.c.o
 .debug_macro   0x0000000000000739       0x1c _build/nrf51822_xxaa_app_button.c.o
 .debug_macro   0x0000000000000755       0x36 _build/nrf51822_xxaa_app_button.c.o
 .debug_macro   0x000000000000078b       0x11 _build/nrf51822_xxaa_app_button.c.o
 .debug_macro   0x000000000000079c       0x30 _build/nrf51822_xxaa_app_button.c.o
 .debug_macro   0x00000000000007cc      0x290 _build/nrf51822_xxaa_app_error.c.o
 .debug_macro   0x0000000000000a5c       0x34 _build/nrf51822_xxaa_app_error.c.o
 .debug_macro   0x0000000000000a90       0x22 _build/nrf51822_xxaa_app_error.c.o
 .debug_macro   0x0000000000000ab2       0x16 _build/nrf51822_xxaa_app_error.c.o
 .debug_macro   0x0000000000000ac8       0x97 _build/nrf51822_xxaa_app_error.c.o
 .debug_macro   0x0000000000000b5f       0xf6 _build/nrf51822_xxaa_app_error.c.o
 .debug_macro   0x0000000000000c55       0x22 _build/nrf51822_xxaa_app_error.c.o
 .debug_macro   0x0000000000000c77       0x16 _build/nrf51822_xxaa_app_error.c.o
 .debug_macro   0x0000000000000c8d      0x39b _build/nrf51822_xxaa_app_error.c.o
 .debug_macro   0x0000000000001028      0x170 _build/nrf51822_xxaa_app_error.c.o
 .debug_macro   0x0000000000001198       0x5a _build/nrf51822_xxaa_app_error.c.o
 .debug_macro   0x00000000000011f2       0x28 _build/nrf51822_xxaa_app_error.c.o
 .debug_macro   0x000000000000121a       0x22 _build/nrf51822_xxaa_app_error.c.o
 .debug_macro   0x000000000000123c      0x290 _build/nrf51822_xxaa_app_error_weak.c.o
 .debug_macro   0x00000000000014cc       0x1c _build/nrf51822_xxaa_app_error_weak.c.o
 .debug_macro   0x00000000000014e8      0x327 _build/nrf51822_xxaa_app_timer.c.o
 .debug_macro   0x000000000000180f       0x16 _build/nrf51822_xxaa_app_timer.c.o
 .debug_macro   0x0000000000001825       0x40 _build/nrf51822_xxaa_app_timer.c.o
 .debug_macro   0x0000000000001865       0x64 _build/nrf51822_xxaa_app_timer.c.o
 .debug_macro   0x00000000000018c9       0x10 _build/nrf51822_xxaa_app_timer.c.o
 .debug_macro   0x00000000000018d9       0x22 _build/nrf51822_xxaa_app_timer.c.o
 .debug_macro   0x00000000000018fb       0x72 _build/nrf51822_xxaa_app_timer.c.o
 .debug_macro   0x000000000000196d      0x263 _build/nrf51822_xxaa_app_util_platform.c.o
 .debug_macro   0x0000000000001bd0      0x287 _build/nrf51822_xxaa_boards.c.o
 .debug_macro   0x0000000000001e57       0x9a _build/nrf51822_xxaa_boards.c.o
 .debug_macro   0x0000000000001ef1      0x115 _build/nrf51822_xxaa_boards.c.o
 .debug_macro   0x0000000000002006      0x421 _build/nrf51822_xxaa_nrf_drv_clock.c.o
 .debug_macro   0x0000000000002427       0x10 _build/nrf51822_xxaa_nrf_drv_clock.c.o
 .debug_macro   0x0000000000002437       0x28 _build/nrf51822_xxaa_nrf_drv_clock.c.o
 .debug_macro   0x000000000000245f       0x1c _build/nrf51822_xxaa_nrf_drv_clock.c.o
 .debug_macro   0x000000000000247b       0x8f _build/nrf51822_xxaa_nrf_drv_clock.c.o
 .debug_macro   0x000000000000250a       0xd6 _build/nrf51822_xxaa_nrf_drv_clock.c.o
 .debug_macro   0x00000000000025e0      0x1fb _build/nrf51822_xxaa_nrf_drv_clock.c.o
 .debug_macro   0x00000000000027db      0x3fa _build/nrf51822_xxaa_nrf_drv_clock.c.o
 .debug_macro   0x0000000000002bd5       0x40 _build/nrf51822_xxaa_nrf_drv_clock.c.o
 .debug_macro   0x0000000000002c15       0x22 _build/nrf51822_xxaa_nrf_drv_clock.c.o
 .debug_macro   0x0000000000002c37      0x201 _build/nrf51822_xxaa_nrf_drv_clock.c.o
 .debug_macro   0x0000000000002e38       0x1c _build/nrf51822_xxaa_nrf_drv_clock.c.o
 .debug_macro   0x0000000000002e54       0xdb _build/nrf51822_xxaa_nrf_drv_clock.c.o
 .debug_macro   0x0000000000002f2f       0x24 _build/nrf51822_xxaa_nrf_drv_clock.c.o
 .debug_macro   0x0000000000002f53       0x16 _build/nrf51822_xxaa_nrf_drv_clock.c.o
 .debug_macro   0x0000000000002f69       0x10 _build/nrf51822_xxaa_nrf_drv_clock.c.o
 .debug_macro   0x0000000000002f79      0x18a _build/nrf51822_xxaa_nrf_drv_clock.c.o
 .debug_macro   0x0000000000003103       0x1c _build/nrf51822_xxaa_nrf_drv_clock.c.o
 .debug_macro   0x000000000000311f       0x16 _build/nrf51822_xxaa_nrf_drv_clock.c.o
 .debug_macro   0x0000000000003135      0x176 _build/nrf51822_xxaa_nrf_drv_clock.c.o
 .debug_macro   0x00000000000032ab      0x2cd _build/nrf51822_xxaa_nrf_drv_common.c.o
 .debug_macro   0x0000000000003578       0x22 _build/nrf51822_xxaa_nrf_drv_common.c.o
 .debug_macro   0x000000000000359a      0x3a3 _build/nrf51822_xxaa_nrf_drv_gpiote.c.o
 .debug_macro   0x000000000000393d       0x16 _build/nrf51822_xxaa_nrf_drv_gpiote.c.o
 .debug_macro   0x0000000000003953      0x388 _build/nrf51822_xxaa_nrf_drv_uart.c.o
 .debug_macro   0x0000000000003cdb       0x10 _build/nrf51822_xxaa_nrf_drv_uart.c.o
 .debug_macro   0x0000000000003ceb       0x36 _build/nrf51822_xxaa_nrf_drv_uart.c.o
 .debug_macro   0x0000000000003d21      0x2db _build/nrf51822_xxaa_bsp.c.o
 .debug_macro   0x0000000000003ffc       0x16 _build/nrf51822_xxaa_bsp.c.o
 .debug_macro   0x0000000000004012       0x1c _build/nrf51822_xxaa_bsp.c.o
 .debug_macro   0x000000000000402e      0x101 _build/nrf51822_xxaa_bsp.c.o
 .debug_macro   0x000000000000412f      0x471 _build/nrf51822_xxaa_main.c.o
 .debug_macro   0x00000000000045a0      0x3f4 _build/nrf51822_xxaa_main.c.o
 .debug_macro   0x0000000000004994       0x3a _build/nrf51822_xxaa_main.c.o
 .debug_macro   0x00000000000049ce       0x64 _build/nrf51822_xxaa_main.c.o
 .debug_macro   0x0000000000004a32       0x46 _build/nrf51822_xxaa_main.c.o
 .debug_macro   0x0000000000004a78       0x1c _build/nrf51822_xxaa_main.c.o
 .debug_macro   0x0000000000004a94       0x22 _build/nrf51822_xxaa_main.c.o
 .debug_macro   0x0000000000004ab6       0x3c _build/nrf51822_xxaa_main.c.o
 .debug_macro   0x0000000000004af2      0x28c _build/nrf51822_xxaa_ble_advdata.c.o
 .debug_macro   0x0000000000004d7e      0x2ea _build/nrf51822_xxaa_ble_advdata.c.o
 .debug_macro   0x0000000000005068       0xdf _build/nrf51822_xxaa_system_nrf51.c.o
 .debug_macro   0x0000000000005147      0x3f9 _build/nrf51822_xxaa_softdevice_handler.c.o
 .debug_macro   0x0000000000005540       0x52 _build/nrf51822_xxaa_softdevice_handler.c.o
 .debug_macro   0x0000000000005592       0x55 _build/nrf51822_xxaa_softdevice_handler.c.o
 .debug_macro   0x00000000000055e7       0x57 _build/nrf51822_xxaa_softdevice_handler.c.o
 .debug_macro   0x000000000000563e       0x10 _build/nrf51822_xxaa_softdevice_handler.c.o

.debug_line     0x0000000000000000     0x8977
 .debug_line    0x0000000000000000      0x79b _build/nrf51822_xxaa_app_button.c.o
 .debug_line    0x000000000000079b      0x660 _build/nrf51822_xxaa_app_error.c.o
 .debug_line    0x0000000000000dfb      0x61e _build/nrf51822_xxaa_app_error_weak.c.o
 .debug_line    0x0000000000001419      0xaf2 _build/nrf51822_xxaa_app_timer.c.o
 .debug_line    0x0000000000001f0b      0x601 _build/nrf51822_xxaa_app_util_platform.c.o
 .debug_line    0x000000000000250c      0x785 _build/nrf51822_xxaa_boards.c.o
 .debug_line    0x0000000000002c91      0xc67 _build/nrf51822_xxaa_nrf_drv_clock.c.o
 .debug_line    0x00000000000038f8      0x6b4 _build/nrf51822_xxaa_nrf_drv_common.c.o
 .debug_line    0x0000000000003fac     0x10a4 _build/nrf51822_xxaa_nrf_drv_gpiote.c.o
 .debug_line    0x0000000000005050      0xd7a _build/nrf51822_xxaa_nrf_drv_uart.c.o
 .debug_line    0x0000000000005dca      0x972 _build/nrf51822_xxaa_bsp.c.o
 .debug_line    0x000000000000673c      0x9cb _build/nrf51822_xxaa_main.c.o
 .debug_line    0x0000000000007107      0x9a2 _build/nrf51822_xxaa_ble_advdata.c.o
 .debug_line    0x0000000000007aa9      0x3bb _build/nrf51822_xxaa_system_nrf51.c.o
 .debug_line    0x0000000000007e64      0xb13 _build/nrf51822_xxaa_softdevice_handler.c.o

.debug_str      0x0000000000000000    0x43e26
 .debug_str     0x0000000000000000    0x33372 _build/nrf51822_xxaa_app_button.c.o
                                      0x336d1 (size before relaxing)
 .debug_str     0x0000000000033372     0x19a3 _build/nrf51822_xxaa_app_error.c.o
                                      0x33ee1 (size before relaxing)
 .debug_str     0x0000000000034d15       0xae _build/nrf51822_xxaa_app_error_weak.c.o
                                      0x33e2e (size before relaxing)
 .debug_str     0x0000000000034dc3     0x157a _build/nrf51822_xxaa_app_timer.c.o
                                      0x34096 (size before relaxing)
 .debug_str     0x000000000003633d      0x122 _build/nrf51822_xxaa_app_util_platform.c.o
                                      0x2ff22 (size before relaxing)
 .debug_str     0x000000000003645f      0xe45 _build/nrf51822_xxaa_boards.c.o
                                      0x304e2 (size before relaxing)
 .debug_str     0x00000000000372a4     0x6abb _build/nrf51822_xxaa_nrf_drv_clock.c.o
                                      0x3b652 (size before relaxing)
 .debug_str     0x000000000003dd5f       0x5c _build/nrf51822_xxaa_nrf_drv_common.c.o
                                      0x337d6 (size before relaxing)
 .debug_str     0x000000000003ddbb      0xac3 _build/nrf51822_xxaa_nrf_drv_gpiote.c.o
                                      0x3650e (size before relaxing)
 .debug_str     0x000000000003e87e      0xe89 _build/nrf51822_xxaa_nrf_drv_uart.c.o
                                      0x36342 (size before relaxing)
 .debug_str     0x000000000003f707     0x1025 _build/nrf51822_xxaa_bsp.c.o
                                      0x34776 (size before relaxing)
 .debug_str     0x000000000004072c      0xf8b _build/nrf51822_xxaa_main.c.o
                                      0x3cab9 (size before relaxing)
 .debug_str     0x00000000000416b7     0x1586 _build/nrf51822_xxaa_ble_advdata.c.o
                                      0x3783e (size before relaxing)
 .debug_str     0x0000000000042c3d      0x120 _build/nrf51822_xxaa_system_nrf51.c.o
                                      0x29fe4 (size before relaxing)
 .debug_str     0x0000000000042d5d     0x10c9 _build/nrf51822_xxaa_softdevice_handler.c.o
                                      0x3bcb8 (size before relaxing)
